{
  "version": "1.5.0",
  "plugins_used": [
    {
      "name": "ArtifactoryDetector"
    },
    {
      "name": "AWSKeyDetector"
    },
    {
      "name": "AzureStorageKeyDetector"
    },
    {
      "name": "Base64HighEntropyString",
      "limit": 4.5
    },
    {
      "name": "BasicAuthDetector"
    },
    {
      "name": "CloudantDetector"
    },
    {
      "name": "DiscordBotTokenDetector"
    },
    {
      "name": "GitHubTokenDetector"
    },
    {
      "name": "GitLabTokenDetector"
    },
    {
      "name": "HexHighEntropyString",
      "limit": 3.0
    },
    {
      "name": "IbmCloudIamDetector"
    },
    {
      "name": "IbmCosHmacDetector"
    },
    {
      "name": "IPPublicDetector"
    },
    {
      "name": "JwtTokenDetector"
    },
    {
      "name": "KeywordDetector",
      "keyword_exclude": ""
    },
    {
      "name": "MailchimpDetector"
    },
    {
      "name": "NpmDetector"
    },
    {
      "name": "OpenAIDetector"
    },
    {
      "name": "PrivateKeyDetector"
    },
    {
      "name": "PypiTokenDetector"
    },
    {
      "name": "SendGridDetector"
    },
    {
      "name": "SlackDetector"
    },
    {
      "name": "SoftlayerDetector"
    },
    {
      "name": "SquareOAuthDetector"
    },
    {
      "name": "StripeDetector"
    },
    {
      "name": "TelegramBotTokenDetector"
    },
    {
      "name": "TwilioKeyDetector"
    }
  ],
  "filters_used": [
    {
      "path": "detect_secrets.filters.allowlist.is_line_allowlisted"
    },
    {
      "path": "detect_secrets.filters.common.is_baseline_file",
      "filename": ".secrets.baseline"
    },
    {
      "path": "detect_secrets.filters.common.is_ignored_due_to_verification_policies",
      "min_level": 2
    },
    {
      "path": "detect_secrets.filters.heuristic.is_indirect_reference"
    },
    {
      "path": "detect_secrets.filters.heuristic.is_likely_id_string"
    },
    {
      "path": "detect_secrets.filters.heuristic.is_lock_file"
    },
    {
      "path": "detect_secrets.filters.heuristic.is_not_alphanumeric_string"
    },
    {
      "path": "detect_secrets.filters.heuristic.is_potential_uuid"
    },
    {
      "path": "detect_secrets.filters.heuristic.is_prefixed_with_dollar_sign"
    },
    {
      "path": "detect_secrets.filters.heuristic.is_sequential_string"
    },
    {
      "path": "detect_secrets.filters.heuristic.is_swagger_file"
    },
    {
      "path": "detect_secrets.filters.heuristic.is_templated_secret"
    },
    {
      "path": "detect_secrets.filters.regex.should_exclude_file",
      "pattern": [
        "poetry\\.lock",
        "\\.coverage",
        "htmlcov/.*",
        "\\.venv/.*"
      ]
    }
  ],
  "results": {
    ".copier-answers.yml": [
      {
        "type": "Basic Auth Credentials",
        "filename": ".copier-answers.yml",
        "hashed_secret": "bd564db5d5cc358eb0e3523d3e03041739f230d5",
        "is_verified": false,
        "line_number": 8
      }
    ],
    "CLAUDE.md": [
      {
        "type": "Hex High Entropy String",
        "filename": "CLAUDE.md",
        "hashed_secret": "bc4db52dee09e9c3fd09b939e911b35da9c250f4",
        "is_verified": false,
        "line_number": 266
      },
      {
        "type": "Basic Auth Credentials",
        "filename": "CLAUDE.md",
        "hashed_secret": "9d4e1e23bd5b727046a9e3b4b7db57bd8d6ee684",
        "is_verified": false,
        "line_number": 481
      }
    ],
    "Makefile": [
      {
        "type": "Basic Auth Credentials",
        "filename": "Makefile",
        "hashed_secret": "21672328ab5c939c8a4324d118b264d9f34b0439",
        "is_verified": false,
        "line_number": 23
      }
    ],
    "airflow/README.md": [
      {
        "type": "Basic Auth Credentials",
        "filename": "airflow/README.md",
        "hashed_secret": "9d4e1e23bd5b727046a9e3b4b7db57bd8d6ee684",
        "is_verified": false,
        "line_number": 70
      }
    ],
    "src/govbr_scraper/storage/postgres_manager.py": [
      {
        "type": "Secret Keyword",
        "filename": "src/govbr_scraper/storage/postgres_manager.py",
        "hashed_secret": "5baa61e4c9b93f3f0682250b6cf8331b7ee68fd8",
        "is_verified": false,
        "line_number": 102
      }
    ],
    "tests/unit/test_content_hash.py": [
      {
        "type": "Hex High Entropy String",
        "filename": "tests/unit/test_content_hash.py",
        "hashed_secret": "e8d1dadee5c68fefc3a7dc23333668e2a61a52ff",
        "is_verified": false,
        "line_number": 85
      },
      {
        "type": "Hex High Entropy String",
        "filename": "tests/unit/test_content_hash.py",
        "hashed_secret": "02977e26cee7e4458dc89baf0759a69d36c71965",
        "is_verified": false,
        "line_number": 88
      }
    ],
    "tests/unit/test_postgres_manager_config.py": [
      {
        "type": "Basic Auth Credentials",
        "filename": "tests/unit/test_postgres_manager_config.py",
        "hashed_secret": "9d4e1e23bd5b727046a9e3b4b7db57bd8d6ee684",
        "is_verified": false,
        "line_number": 24
      },
      {
        "type": "Basic Auth Credentials",
        "filename": "tests/unit/test_postgres_manager_config.py",
        "hashed_secret": "91dfd9ddb4198affc5c194cd8ce6d338fde470e2",
        "is_verified": false,
        "line_number": 44
      },
      {
        "type": "Basic Auth Credentials",
        "filename": "tests/unit/test_postgres_manager_config.py",
        "hashed_secret": "f9ac14b63a75faf57d8db6f919bfabb2502d273c",
        "is_verified": false,
        "line_number": 83
      },
      {
        "type": "Basic Auth Credentials",
        "filename": "tests/unit/test_postgres_manager_config.py",
        "hashed_secret": "e5e9fa1ba31ecd1ae84f75caaa474f3a663f05f4",
        "is_verified": false,
        "line_number": 92
      },
      {
        "type": "Basic Auth Credentials",
        "filename": "tests/unit/test_postgres_manager_config.py",
        "hashed_secret": "a94a8fe5ccb19ba61c4c0873d391e987982fbbd3",
        "is_verified": false,
        "line_number": 109
      }
    ],
    "tests/unit/test_postgres_manager_url_dedup.py": [
      {
        "type": "Hex High Entropy String",
        "filename": "tests/unit/test_postgres_manager_url_dedup.py",
        "hashed_secret": "d2a50ed3f56b68742050ae79895bd02b30fe4887",
        "is_verified": false,
        "line_number": 118
      }
    ]
  },
  "generated_at": "2026-08-20T13:56:03Z"
}
